Release 14.7 - xst P.20131013 (nt64)
Copyright (c) 1995-2013 Xilinx, Inc.  All rights reserved.
--> Parameter TMPDIR set to xst/projnav.tmp


Total REAL time to Xst completion: 0.00 secs
Total CPU time to Xst completion: 0.08 secs
 
--> Parameter xsthdpdir set to xst


Total REAL time to Xst completion: 0.00 secs
Total CPU time to Xst completion: 0.08 secs
 
--> Reading design: CoolHeatSystem.prj

TABLE OF CONTENTS
  1) Synthesis Options Summary
  2) HDL Parsing
  3) HDL Elaboration
  4) HDL Synthesis
       4.1) HDL Synthesis Report
  5) Advanced HDL Synthesis
       5.1) Advanced HDL Synthesis Report
  6) Low Level Synthesis
  7) Partition Report
  8) Design Summary
       8.1) Primitive and Black Box Usage
       8.2) Device utilization summary
       8.3) Partition Resource Summary
       8.4) Timing Report
            8.4.1) Clock Information
            8.4.2) Asynchronous Control Signals Information
            8.4.3) Timing Summary
            8.4.4) Timing Details
            8.4.5) Cross Clock Domains Report


=========================================================================
*                      Synthesis Options Summary                        *
=========================================================================
---- Source Parameters
Input File Name                    : "CoolHeatSystem.prj"
Ignore Synthesis Constraint File   : NO

---- Target Parameters
Output File Name                   : "CoolHeatSystem"
Output Format                      : NGC
Target Device                      : xc7a100t-3-csg324

---- Source Options
Top Module Name                    : CoolHeatSystem
Automatic FSM Extraction           : YES
FSM Encoding Algorithm             : Auto
Safe Implementation                : No
FSM Style                          : LUT
RAM Extraction                     : Yes
RAM Style                          : Auto
ROM Extraction                     : Yes
Shift Register Extraction          : YES
ROM Style                          : Auto
Resource Sharing                   : YES
Asynchronous To Synchronous        : NO
Shift Register Minimum Size        : 2
Use DSP Block                      : Auto
Automatic Register Balancing       : No

---- Target Options
LUT Combining                      : Auto
Reduce Control Sets                : Auto
Add IO Buffers                     : YES
Global Maximum Fanout              : 100000
Add Generic Clock Buffer(BUFG)     : 32
Register Duplication               : YES
Optimize Instantiated Primitives   : NO
Use Clock Enable                   : Auto
Use Synchronous Set                : Auto
Use Synchronous Reset              : Auto
Pack IO Registers into IOBs        : Auto
Equivalent register Removal        : YES

---- General Options
Optimization Goal                  : Speed
Optimization Effort                : 1
Power Reduction                    : NO
Keep Hierarchy                     : No
Netlist Hierarchy                  : As_Optimized
RTL Output                         : Yes
Global Optimization                : AllClockNets
Read Cores                         : YES
Write Timing Constraints           : NO
Cross Clock Analysis               : NO
Hierarchy Separator                : /
Bus Delimiter                      : <>
Case Specifier                     : Maintain
Slice Utilization Ratio            : 100
BRAM Utilization Ratio             : 100
DSP48 Utilization Ratio            : 100
Auto BRAM Packing                  : NO
Slice Utilization Ratio Delta      : 5

=========================================================================


=========================================================================
*                          HDL Parsing                                  *
=========================================================================
Analyzing Verilog file "F:\SmartHomeSystem\ModePower.v" into library work
Parsing module <ModePower>.
Analyzing Verilog file "F:\SmartHomeSystem\FanSpeed.v" into library work
Parsing module <FanSpeed>.
Analyzing Verilog file "F:\SmartHomeSystem\CoolHeatSystem.v" into library work
Parsing module <CoolHeatSystem>.

=========================================================================
*                            HDL Elaboration                            *
=========================================================================

Elaborating module <CoolHeatSystem>.

Elaborating module <FanSpeed>.
WARNING:HDLCompiler:413 - "F:\SmartHomeSystem\FanSpeed.v" Line 41: Result of 9-bit expression is truncated to fit in 8-bit target.

Elaborating module <ModePower>.

=========================================================================
*                           HDL Synthesis                               *
=========================================================================

Synthesizing Unit <CoolHeatSystem>.
    Related source file is "F:\SmartHomeSystem\CoolHeatSystem.v".
    Summary:
	no macro.
Unit <CoolHeatSystem> synthesized.

Synthesizing Unit <FanSpeed>.
    Related source file is "F:\SmartHomeSystem\FanSpeed.v".
    Found 8-bit register for signal <it>.
    Found 1-bit register for signal <pwm_data>.
    Found 8-bit adder for signal <it[7]_GND_2_o_add_1_OUT> created at line 41.
    Found 8-bit comparator greater for signal <it[7]_speed[7]_LessThan_1_o> created at line 38
    Summary:
	inferred   1 Adder/Subtractor(s).
	inferred   9 D-type flip-flop(s).
	inferred   1 Comparator(s).
	inferred   1 Multiplexer(s).
Unit <FanSpeed> synthesized.

Synthesizing Unit <ModePower>.
    Related source file is "F:\SmartHomeSystem\ModePower.v".
    Found 2-bit adder for signal <n0027[1:0]> created at line 28.
    Found 3-bit adder for signal <n0030[2:0]> created at line 28.
    Found 4-bit adder for signal <_n0046> created at line 23.
    Found 4-bit adder for signal <_n0047> created at line 23.
    Found 4-bit adder for signal <_n0048> created at line 23.
    Found 4-bit adder for signal <_n0049> created at line 23.
    Found 4-bit adder for signal <chs_power> created at line 23.
    Summary:
	inferred   7 Adder/Subtractor(s).
Unit <ModePower> synthesized.

=========================================================================
HDL Synthesis Report

Macro Statistics
# Adders/Subtractors                                   : 8
 2-bit adder                                           : 1
 3-bit adder                                           : 1
 4-bit adder                                           : 5
 8-bit adder                                           : 1
# Registers                                            : 2
 1-bit register                                        : 1
 8-bit register                                        : 1
# Comparators                                          : 1
 8-bit comparator greater                              : 1
# Multiplexers                                         : 1
 8-bit 2-to-1 multiplexer                              : 1

=========================================================================

=========================================================================
*                       Advanced HDL Synthesis                          *
=========================================================================


Synthesizing (advanced) Unit <ModePower>.
	The following adders/subtractors are grouped into adder tree <Madd_chs_power_Madd1> :
 	<Madd__n0046> in block <ModePower>, 	<Madd__n0047> in block <ModePower>, 	<Madd__n0049_Madd> in block <ModePower>, 	<Madd_n0027[1:0]> in block <ModePower>, 	<Madd_chs_power_Madd> in block <ModePower>.
Unit <ModePower> synthesized (advanced).

=========================================================================
Advanced HDL Synthesis Report

Macro Statistics
# Adders/Subtractors                                   : 1
 8-bit adder                                           : 1
# Adder Trees                                          : 1
 4-bit / 6-inputs adder tree                           : 1
# Registers                                            : 9
 Flip-Flops                                            : 9
# Comparators                                          : 1
 8-bit comparator greater                              : 1
# Multiplexers                                         : 1
 8-bit 2-to-1 multiplexer                              : 1

=========================================================================

=========================================================================
*                         Low Level Synthesis                           *
=========================================================================

Optimizing unit <CoolHeatSystem> ...

Optimizing unit <FanSpeed> ...

Mapping all equations...
Building and optimizing final netlist ...
Found area constraint ratio of 100 (+ 5) on block CoolHeatSystem, actual ratio is 0.

Final Macro Processing ...

=========================================================================
Final Register Report

Macro Statistics
# Registers                                            : 9
 Flip-Flops                                            : 9

=========================================================================

=========================================================================
*                           Partition Report                            *
=========================================================================

Partition Implementation Status
-------------------------------

  No Partitions were found in this design.

-------------------------------

=========================================================================
*                            Design Summary                             *
=========================================================================

Top Level Output File Name         : CoolHeatSystem.ngc

Primitive and Black Box Usage:
------------------------------
# BELS                             : 29
#      INV                         : 1
#      LUT3                        : 4
#      LUT4                        : 6
#      LUT5                        : 10
#      LUT6                        : 8
# FlipFlops/Latches                : 9
#      FDC                         : 8
#      FDE                         : 1
# Clock Buffers                    : 1
#      BUFGP                       : 1
# IO Buffers                       : 23
#      IBUF                        : 17
#      OBUF                        : 6

Device utilization summary:
---------------------------

Selected Device : 7a100tcsg324-3 


Slice Logic Utilization: 
 Number of Slice Registers:               9  out of  126800     0%  
 Number of Slice LUTs:                   29  out of  63400     0%  
    Number used as Logic:                29  out of  63400     0%  

Slice Logic Distribution: 
 Number of LUT Flip Flop pairs used:     29
   Number with an unused Flip Flop:      20  out of     29    68%  
   Number with an unused LUT:             0  out of     29     0%  
   Number of fully used LUT-FF pairs:     9  out of     29    31%  
   Number of unique control sets:         2

IO Utilization: 
 Number of IOs:                          24
 Number of bonded IOBs:                  24  out of    210    11%  

Specific Feature Utilization:
 Number of BUFG/BUFGCTRLs:                1  out of     32     3%  

---------------------------
Partition Resource Summary:
---------------------------

  No Partitions were found in this design.

---------------------------


=========================================================================
Timing Report

NOTE: THESE TIMING NUMBERS ARE ONLY A SYNTHESIS ESTIMATE.
      FOR ACCURATE TIMING INFORMATION PLEASE REFER TO THE TRACE REPORT
      GENERATED AFTER PLACE-and-ROUTE.

Clock Information:
------------------
-----------------------------------+------------------------+-------+
Clock Signal                       | Clock buffer(FF name)  | Load  |
-----------------------------------+------------------------+-------+
clk                                | BUFGP                  | 9     |
-----------------------------------+------------------------+-------+

Asynchronous Control Signals Information:
----------------------------------------
No asynchronous control signals found in this design

Timing Summary:
---------------
Speed Grade: -3

   Minimum period: 1.785ns (Maximum Frequency: 560.224MHz)
   Minimum input arrival time before clock: 1.588ns
   Maximum output required time after clock: 0.640ns
   Maximum combinational path delay: 3.015ns

Timing Details:
---------------
All values displayed in nanoseconds (ns)

=========================================================================
Timing constraint: Default period analysis for Clock 'clk'
  Clock period: 1.785ns (frequency: 560.224MHz)
  Total number of paths / destination ports: 88 / 9
-------------------------------------------------------------------------
Delay:               1.785ns (Levels of Logic = 3)
  Source:            fanspeed/it_6 (FF)
  Destination:       fanspeed/pwm_data (FF)
  Source Clock:      clk rising
  Destination Clock: clk rising

  Data Path: fanspeed/it_6 to fanspeed/pwm_data
                                Gate     Net
    Cell:in->out      fanout   Delay   Delay  Logical Name (Net Name)
    ----------------------------------------  ------------
     FDC:C->Q              6   0.361   0.534  fanspeed/it_6 (fanspeed/it_6)
     LUT6:I3->O            1   0.097   0.295  fanspeed/it[7]_speed[7]_LessThan_1_o22 (fanspeed/it[7]_speed[7]_LessThan_1_o21)
     LUT6:I5->O            1   0.097   0.295  fanspeed/it[7]_speed[7]_LessThan_1_o24 (fanspeed/it[7]_speed[7]_LessThan_1_o23)
     LUT4:I3->O            1   0.097   0.000  fanspeed/it[7]_speed[7]_LessThan_1_o25 (fanspeed/it[7]_speed[7]_LessThan_1_o)
     FDE:D                     0.008          fanspeed/pwm_data
    ----------------------------------------
    Total                      1.785ns (0.660ns logic, 1.125ns route)
                                       (37.0% logic, 63.0% route)

=========================================================================
Timing constraint: Default OFFSET IN BEFORE for Clock 'clk'
  Total number of paths / destination ports: 20 / 10
-------------------------------------------------------------------------
Offset:              1.588ns (Levels of Logic = 4)
  Source:            speed<4> (PAD)
  Destination:       fanspeed/pwm_data (FF)
  Destination Clock: clk rising

  Data Path: speed<4> to fanspeed/pwm_data
                                Gate     Net
    Cell:in->out      fanout   Delay   Delay  Logical Name (Net Name)
    ----------------------------------------  ------------
     IBUF:I->O             2   0.001   0.697  speed_4_IBUF (speed_4_IBUF)
     LUT6:I0->O            1   0.097   0.295  fanspeed/it[7]_speed[7]_LessThan_1_o22 (fanspeed/it[7]_speed[7]_LessThan_1_o21)
     LUT6:I5->O            1   0.097   0.295  fanspeed/it[7]_speed[7]_LessThan_1_o24 (fanspeed/it[7]_speed[7]_LessThan_1_o23)
     LUT4:I3->O            1   0.097   0.000  fanspeed/it[7]_speed[7]_LessThan_1_o25 (fanspeed/it[7]_speed[7]_LessThan_1_o)
     FDE:D                     0.008          fanspeed/pwm_data
    ----------------------------------------
    Total                      1.588ns (0.300ns logic, 1.288ns route)
                                       (18.9% logic, 81.1% route)

=========================================================================
Timing constraint: Default OFFSET OUT AFTER for Clock 'clk'
  Total number of paths / destination ports: 1 / 1
-------------------------------------------------------------------------
Offset:              0.640ns (Levels of Logic = 1)
  Source:            fanspeed/pwm_data (FF)
  Destination:       pwm_data (PAD)
  Source Clock:      clk rising

  Data Path: fanspeed/pwm_data to pwm_data
                                Gate     Net
    Cell:in->out      fanout   Delay   Delay  Logical Name (Net Name)
    ----------------------------------------  ------------
     FDE:C->Q              1   0.361   0.279  fanspeed/pwm_data (fanspeed/pwm_data)
     OBUF:I->O                 0.000          pwm_data_OBUF (pwm_data)
    ----------------------------------------
    Total                      0.640ns (0.361ns logic, 0.279ns route)
                                       (56.4% logic, 43.6% route)

=========================================================================
Timing constraint: Default path analysis
  Total number of paths / destination ports: 98 / 5
-------------------------------------------------------------------------
Delay:               3.015ns (Levels of Logic = 6)
  Source:            chs_conf<5> (PAD)
  Destination:       chs_power<3> (PAD)

  Data Path: chs_conf<5> to chs_power<3>
                                Gate     Net
    Cell:in->out      fanout   Delay   Delay  Logical Name (Net Name)
    ----------------------------------------  ------------
     IBUF:I->O             3   0.001   0.521  chs_conf_5_IBUF (chs_conf_5_IBUF)
     LUT3:I0->O            3   0.097   0.693  ADDERTREE_INTERNAL_Madd_xor<0>11 (ADDERTREE_INTERNAL_Madd_0)
     LUT5:I0->O            3   0.097   0.566  ADDERTREE_INTERNAL_Madd42 (ADDERTREE_INTERNAL_Madd4)
     LUT5:I1->O            3   0.097   0.566  ADDERTREE_INTERNAL_Madd4_lut<0>11 (ADDERTREE_INTERNAL_Madd4_lut<0>1)
     LUT5:I1->O            1   0.097   0.279  ADDERTREE_INTERNAL_Madd4_cy<0>31 (chs_power_3_OBUF)
     OBUF:I->O                 0.000          chs_power_3_OBUF (chs_power<3>)
    ----------------------------------------
    Total                      3.015ns (0.389ns logic, 2.626ns route)
                                       (12.9% logic, 87.1% route)

=========================================================================

Cross Clock Domains Report:
--------------------------

Clock to Setup on destination clock clk
---------------+---------+---------+---------+---------+
               | Src:Rise| Src:Fall| Src:Rise| Src:Fall|
Source Clock   |Dest:Rise|Dest:Rise|Dest:Fall|Dest:Fall|
---------------+---------+---------+---------+---------+
clk            |    1.785|         |         |         |
---------------+---------+---------+---------+---------+

=========================================================================


Total REAL time to Xst completion: 7.00 secs
Total CPU time to Xst completion: 7.24 secs
 
--> 

Total memory usage is 4698148 kilobytes

Number of errors   :    0 (   0 filtered)
Number of warnings :    1 (   0 filtered)
Number of infos    :    0 (   0 filtered)

